../Core/Src/MFRC522.c:17:6:Write_MFRC522	24	static
../Core/Src/MFRC522.c:50:9:Read_MFRC522	24	static
../Core/Src/MFRC522.c:88:6:SetBitMask	24	static
../Core/Src/MFRC522.c:101:6:ClearBitMask	24	static
../Core/Src/MFRC522.c:115:6:AntennaOn	8	static
../Core/Src/MFRC522.c:127:6:AntennaOff	8	static
../Core/Src/MFRC522.c:139:6:MFRC522_Reset	8	static
../Core/Src/MFRC522.c:150:6:MFRC522_Init	8	static
../Core/Src/MFRC522.c:183:9:MFRC522_Request	32	static
../Core/Src/MFRC522.c:211:9:MFRC522_ToCard	48	static
../Core/Src/MFRC522.c:330:9:MFRC522_Anticoll	32	static
../Core/Src/MFRC522.c:373:9:MFRC522_Read	32	static
../Core/Src/MFRC522.c:398:9:MFRC522_Write	56	static
../Core/Src/MFRC522.c:439:6:CalulateCRC	40	static
../Core/Src/MFRC522.c:480:9:MFRC522_Auth	56	static
../Core/Src/MFRC522.c:515:9:MFRC522_SelectTag	48	static
../Core/Src/MFRC522.c:553:6:MFRC522_Halt	32	static
../Core/Src/MFRC522.c:567:6:MFRC522_StopCrypto1	8	static
