Archive member included to satisfy reference by file (symbol)

C:/ST/STM32CubeIDE_1.15.0/STM32CubeIDE/plugins/com.st.stm32cube.ide.mcu.externaltools.gnu-tools-for-stm32.12.3.rel1.win32_1.0.100.202403111256/tools/bin/../lib/gcc/arm-none-eabi/12.3.1/../../../../arm-none-eabi/lib/thumb/v7e-m+fp/hard\libc_nano.a(libc_a-exit.o)
                              C:/ST/STM32CubeIDE_1.15.0/STM32CubeIDE/plugins/com.st.stm32cube.ide.mcu.externaltools.gnu-tools-for-stm32.12.3.rel1.win32_1.0.100.202403111256/tools/bin/../lib/gcc/arm-none-eabi/12.3.1/../../../../arm-none-eabi/lib/thumb/v7e-m+fp/hard/crt0.o (exit)
C:/ST/STM32CubeIDE_1.15.0/STM32CubeIDE/plugins/com.st.stm32cube.ide.mcu.externaltools.gnu-tools-for-stm32.12.3.rel1.win32_1.0.100.202403111256/tools/bin/../lib/gcc/arm-none-eabi/12.3.1/../../../../arm-none-eabi/lib/thumb/v7e-m+fp/hard\libc_nano.a(libc_a-findfp.o)
                              C:/ST/STM32CubeIDE_1.15.0/STM32CubeIDE/plugins/com.st.stm32cube.ide.mcu.externaltools.gnu-tools-for-stm32.12.3.rel1.win32_1.0.100.202403111256/tools/bin/../lib/gcc/arm-none-eabi/12.3.1/../../../../arm-none-eabi/lib/thumb/v7e-m+fp/hard\libc_nano.a(libc_a-exit.o) (__stdio_exit_handler)
C:/ST/STM32CubeIDE_1.15.0/STM32CubeIDE/plugins/com.st.stm32cube.ide.mcu.externaltools.gnu-tools-for-stm32.12.3.rel1.win32_1.0.100.202403111256/tools/bin/../lib/gcc/arm-none-eabi/12.3.1/../../../../arm-none-eabi/lib/thumb/v7e-m+fp/hard\libc_nano.a(libc_a-fwalk.o)
                              C:/ST/STM32CubeIDE_1.15.0/STM32CubeIDE/plugins/com.st.stm32cube.ide.mcu.externaltools.gnu-tools-for-stm32.12.3.rel1.win32_1.0.100.202403111256/tools/bin/../lib/gcc/arm-none-eabi/12.3.1/../../../../arm-none-eabi/lib/thumb/v7e-m+fp/hard\libc_nano.a(libc_a-findfp.o) (_fwalk_sglue)
C:/ST/STM32CubeIDE_1.15.0/STM32CubeIDE/plugins/com.st.stm32cube.ide.mcu.externaltools.gnu-tools-for-stm32.12.3.rel1.win32_1.0.100.202403111256/tools/bin/../lib/gcc/arm-none-eabi/12.3.1/../../../../arm-none-eabi/lib/thumb/v7e-m+fp/hard\libc_nano.a(libc_a-stdio.o)
                              C:/ST/STM32CubeIDE_1.15.0/STM32CubeIDE/plugins/com.st.stm32cube.ide.mcu.externaltools.gnu-tools-for-stm32.12.3.rel1.win32_1.0.100.202403111256/tools/bin/../lib/gcc/arm-none-eabi/12.3.1/../../../../arm-none-eabi/lib/thumb/v7e-m+fp/hard\libc_nano.a(libc_a-findfp.o) (__sread)
C:/ST/STM32CubeIDE_1.15.0/STM32CubeIDE/plugins/com.st.stm32cube.ide.mcu.externaltools.gnu-tools-for-stm32.12.3.rel1.win32_1.0.100.202403111256/tools/bin/../lib/gcc/arm-none-eabi/12.3.1/../../../../arm-none-eabi/lib/thumb/v7e-m+fp/hard\libc_nano.a(libc_a-memset.o)
                              C:/ST/STM32CubeIDE_1.15.0/STM32CubeIDE/plugins/com.st.stm32cube.ide.mcu.externaltools.gnu-tools-for-stm32.12.3.rel1.win32_1.0.100.202403111256/tools/bin/../lib/gcc/arm-none-eabi/12.3.1/../../../../arm-none-eabi/lib/thumb/v7e-m+fp/hard/crt0.o (memset)
C:/ST/STM32CubeIDE_1.15.0/STM32CubeIDE/plugins/com.st.stm32cube.ide.mcu.externaltools.gnu-tools-for-stm32.12.3.rel1.win32_1.0.100.202403111256/tools/bin/../lib/gcc/arm-none-eabi/12.3.1/../../../../arm-none-eabi/lib/thumb/v7e-m+fp/hard\libc_nano.a(libc_a-closer.o)
                              C:/ST/STM32CubeIDE_1.15.0/STM32CubeIDE/plugins/com.st.stm32cube.ide.mcu.externaltools.gnu-tools-for-stm32.12.3.rel1.win32_1.0.100.202403111256/tools/bin/../lib/gcc/arm-none-eabi/12.3.1/../../../../arm-none-eabi/lib/thumb/v7e-m+fp/hard\libc_nano.a(libc_a-stdio.o) (_close_r)
C:/ST/STM32CubeIDE_1.15.0/STM32CubeIDE/plugins/com.st.stm32cube.ide.mcu.externaltools.gnu-tools-for-stm32.12.3.rel1.win32_1.0.100.202403111256/tools/bin/../lib/gcc/arm-none-eabi/12.3.1/../../../../arm-none-eabi/lib/thumb/v7e-m+fp/hard\libc_nano.a(libc_a-reent.o)
                              C:/ST/STM32CubeIDE_1.15.0/STM32CubeIDE/plugins/com.st.stm32cube.ide.mcu.externaltools.gnu-tools-for-stm32.12.3.rel1.win32_1.0.100.202403111256/tools/bin/../lib/gcc/arm-none-eabi/12.3.1/../../../../arm-none-eabi/lib/thumb/v7e-m+fp/hard\libc_nano.a(libc_a-closer.o) (errno)
C:/ST/STM32CubeIDE_1.15.0/STM32CubeIDE/plugins/com.st.stm32cube.ide.mcu.externaltools.gnu-tools-for-stm32.12.3.rel1.win32_1.0.100.202403111256/tools/bin/../lib/gcc/arm-none-eabi/12.3.1/../../../../arm-none-eabi/lib/thumb/v7e-m+fp/hard\libc_nano.a(libc_a-impure.o)
                              C:/ST/STM32CubeIDE_1.15.0/STM32CubeIDE/plugins/com.st.stm32cube.ide.mcu.externaltools.gnu-tools-for-stm32.12.3.rel1.win32_1.0.100.202403111256/tools/bin/../lib/gcc/arm-none-eabi/12.3.1/../../../../arm-none-eabi/lib/thumb/v7e-m+fp/hard\libc_nano.a(libc_a-reent.o) (_impure_ptr)
C:/ST/STM32CubeIDE_1.15.0/STM32CubeIDE/plugins/com.st.stm32cube.ide.mcu.externaltools.gnu-tools-for-stm32.12.3.rel1.win32_1.0.100.202403111256/tools/bin/../lib/gcc/arm-none-eabi/12.3.1/../../../../arm-none-eabi/lib/thumb/v7e-m+fp/hard\libc_nano.a(libc_a-lseekr.o)
[...]
Memory Configuration

Name             Origin             Length             Attributes
RAM              0x20000000         0x00010000         xrw
FLASH            0x08000000         0x00040000         xr
*default*        0x00000000         0xffffffff

Linker script and memory map

LOAD C:/ST/STM32CubeIDE_1.15.0/STM32CubeIDE/plugins/com.st.stm32cube.ide.mcu.externaltools.gnu-tools-for-stm32.12.3.rel1.win32_1.0.100.202403111256/tools/bin/../lib/gcc/arm-none-eabi/12.3.1/thumb/v7e-m+fp/hard/crti.o
LOAD C:/ST/STM32CubeIDE_1.15.0/STM32CubeIDE/plugins/com.st.stm32cube.ide.mcu.externaltools.gnu-tools-for-stm32.12.3.rel1.win32_1.0.100.202403111256/tools/bin/../lib/gcc/arm-none-eabi/12.3.1/thumb/v7e-m+fp/hard/crtbegin.o
LOAD C:/ST/STM32CubeIDE_1.15.0/STM32CubeIDE/plugins/com.st.stm32cube.ide.mcu.externaltools.gnu-tools-for-stm32.12.3.rel1.win32_1.0.100.202403111256/tools/bin/../lib/gcc/arm-none-eabi/12.3.1/../../../../arm-none-eabi/lib/thumb/v7e-m+fp/hard/crt0.o
LOAD ./Core/Src/MFRC522.o
LOAD ./Core/Src/main.o
LOAD ./Core/Src/stm32f4xx_hal_msp.o
LOAD ./Core/Src/stm32f4xx_it.o
LOAD ./Core/Src/syscalls.o
LOAD ./Core/Src/sysmem.o
LOAD ./Core/Src/system_stm32f4xx.o
LOAD ./Core/Startup/startup_stm32f401rctx.o
LOAD ./Drivers/STM32F4xx_HAL_Driver/Src/stm32f4xx_hal.o
LOAD ./Drivers/STM32F4xx_HAL_Driver/Src/stm32f4xx_hal_cortex.o
LOAD ./Drivers/STM32F4xx_HAL_Driver/Src/stm32f4xx_hal_dma.o
LOAD ./Drivers/STM32F4xx_HAL_Driver/Src/stm32f4xx_hal_dma_ex.o
LOAD ./Drivers/STM32F4xx_HAL_Driver/Src/stm32f4xx_hal_exti.o
LOAD ./Drivers/STM32F4xx_HAL_Driver/Src/stm32f4xx_hal_flash.o
LOAD ./Drivers/STM32F4xx_HAL_Driver/Src/stm32f4xx_hal_flash_ex.o
LOAD ./Drivers/STM32F4xx_HAL_Driver/Src/stm32f4xx_hal_flash_ramfunc.o
LOAD ./Drivers/STM32F4xx_HAL_Driver/Src/stm32f4xx_hal_gpio.o
LOAD ./Drivers/STM32F4xx_HAL_Driver/Src/stm32f4xx_hal_pwr.o
LOAD ./Drivers/STM32F4xx_HAL_Driver/Src/stm32f4xx_hal_pwr_ex.o
LOAD ./Drivers/STM32F4xx_HAL_Driver/Src/stm32f4xx_hal_rcc.o
LOAD ./Drivers/STM32F4xx_HAL_Driver/Src/stm32f4xx_hal_rcc_ex.o
LOAD ./Drivers/STM32F4xx_HAL_Driver/Src/stm32f4xx_hal_spi.o
START GROUP
LOAD C:/ST/STM32CubeIDE_1.15.0/STM32CubeIDE/plugins/com.st.stm32cube.ide.mcu.externaltools.gnu-tools-for-stm32.12.3.rel1.win32_1.0.100.202403111256/tools/bin/../lib/gcc/arm-none-eabi/12.3.1/../../../../arm-none-eabi/lib/thumb/v7e-m+fp/hard\libc_nano.a
LOAD C:/ST/STM32CubeIDE_1.15.0/STM32CubeIDE/plugins/com.st.stm32cube.ide.mcu.externaltools.gnu-tools-for-stm32.12.3.rel1.win32_1.0.100.202403111256/tools/bin/../lib/gcc/arm-none-eabi/12.3.1/../../../../arm-none-eabi/lib/thumb/v7e-m+fp/hard\libm.a
END GROUP
START GROUP
LOAD C:/ST/STM32CubeIDE_1.15.0/STM32CubeIDE/plugins/com.st.stm32cube.ide.mcu.externaltools.gnu-tools-for-stm32.12.3.rel1.win32_1.0.100.202403111256/tools/bin/../lib/gcc/arm-none-eabi/12.3.1/thumb/v7e-m+fp/hard\libgcc.a
LOAD C:/ST/STM32CubeIDE_1.15.0/STM32CubeIDE/plugins/com.st.stm32cube.ide.mcu.externaltools.gnu-tools-for-stm32.12.3.rel1.win32_1.0.100.202403111256/tools/bin/../lib/gcc/arm-none-eabi/12.3.1/../../../../arm-none-eabi/lib/thumb/v7e-m+fp/hard\libc_nano.a
END GROUP
START GROUP
LOAD C:/ST/STM32CubeIDE_1.15.0/STM32CubeIDE/plugins/com.st.stm32cube.ide.mcu.externaltools.gnu-tools-for-stm32.12.3.rel1.win32_1.0.100.202403111256/tools/bin/../lib/gcc/arm-none-eabi/12.3.1/thumb/v7e-m+fp/hard\libgcc.a
LOAD C:/ST/STM32CubeIDE_1.15.0/STM32CubeIDE/plugins/com.st.stm32cube.ide.mcu.externaltools.gnu-tools-for-stm32.12.3.rel1.win32_1.0.100.202403111256/tools/bin/../lib/gcc/arm-none-eabi/12.3.1/../../../../arm-none-eabi/lib/thumb/v7e-m+fp/hard\libc_nano.a
LOAD C:/ST/STM32CubeIDE_1.15.0/STM32CubeIDE/plugins/com.st.stm32cube.ide.mcu.externaltools.gnu-tools-for-stm32.12.3.rel1.win32_1.0.100.202403111256/tools/bin/../lib/gcc/arm-none-eabi/12.3.1/../../../../arm-none-eabi/lib/thumb/v7e-m+fp/hard\libnosys.a
END GROUP
START GROUP
LOAD C:/ST/STM32CubeIDE_1.15.0/STM32CubeIDE/plugins/com.st.stm32cube.ide.mcu.externaltools.gnu-tools-for-stm32.12.3.rel1.win32_1.0.100.202403111256/tools/bin/../lib/gcc/arm-none-eabi/12.3.1/thumb/v7e-m+fp/hard\libgcc.a
LOAD C:/ST/STM32CubeIDE_1.15.0/STM32CubeIDE/plugins/com.st.stm32cube.ide.mcu.externaltools.gnu-tools-for-stm32.12.3.rel1.win32_1.0.100.202403111256/tools/bin/../lib/gcc/arm-none-eabi/12.3.1/../../../../arm-none-eabi/lib/thumb/v7e-m+fp/hard\libc_nano.a
LOAD C:/ST/STM32CubeIDE_1.15.0/STM32CubeIDE/plugins/com.st.stm32cube.ide.mcu.externaltools.gnu-tools-for-stm32.12.3.rel1.win32_1.0.100.202403111256/tools/bin/../lib/gcc/arm-none-eabi/12.3.1/../../../../arm-none-eabi/lib/thumb/v7e-m+fp/hard\libnosys.a
END GROUP
LOAD C:/ST/STM32CubeIDE_1.15.0/STM32CubeIDE/plugins/com.st.stm32cube.ide.mcu.externaltools.gnu-tools-for-stm32.12.3.rel1.win32_1.0.100.202403111256/tools/bin/../lib/gcc/arm-none-eabi/12.3.1/thumb/v7e-m+fp/hard/crtend.o
LOAD C:/ST/STM32CubeIDE_1.15.0/STM32CubeIDE/plugins/com.st.stm32cube.ide.mcu.externaltools.gnu-tools-for-stm32.12.3.rel1.win32_1.0.100.202403111256/tools/bin/../lib/gcc/arm-none-eabi/12.3.1/thumb/v7e-m+fp/hard/crtn.o
                0x20010000                        _estack = (ORIGIN (RAM) + LENGTH (RAM))
                0x00000200                        _Min_Heap_Size = 0x200
                0x00000400                        _Min_Stack_Size = 0x400

.isr_vector     0x08000000      0x194
                0x08000000                        . = ALIGN (0x4)
 *(.isr_vector)
 .isr_vector    0x08000000      0x194 ./Core/Startup/startup_stm32f401rctx.o
                0x08000000                g_pfnVectors
                0x08000194                        . = ALIGN (0x4)

.text           0x08000194     0x2750
                0x08000194                        . = ALIGN (0x4)
 *(.text)
 .text          0x08000194       0x40 C:/ST/STM32CubeIDE_1.15.0/STM32CubeIDE/plugins/com.st.stm32cube.ide.mcu.externaltools.gnu-tools-for-stm32.12.3.rel1.win32_1.0.100.202403111256/tools/bin/../lib/gcc/arm-none-eabi/12.3.1/thumb/v7e-m+fp/hard/crtbegin.o
 .text          0x080001d4       0x30 C:/ST/STM32CubeIDE_1.15.0/STM32CubeIDE/plugins/com.st.stm32cube.ide.mcu.externaltools.gnu-tools-for-stm32.12.3.rel1.win32_1.0.100.202403111256/tools/bin/../lib/gcc/arm-none-eabi/12.3.1/thumb/v7e-m+fp/hard\libgcc.a(_aeabi_uldivmod.o)
                0x080001d4                __aeabi_uldivmod
 .text          0x08000204      0x2bc C:/ST/STM32CubeIDE_1.15.0/STM32CubeIDE/plugins/com.st.stm32cube.ide.mcu.externaltools.gnu-tools-for-stm32.12.3.rel1.win32_1.0.100.202403111256/tools/bin/../lib/gcc/arm-none-eabi/12.3.1/thumb/v7e-m+fp/hard\libgcc.a(_udivmoddi4.o)
                0x08000204                __udivmoddi4
 .text          0x080004c0        0x4 C:/ST/STM32CubeIDE_1.15.0/STM32CubeIDE/plugins/com.st.stm32cube.ide.mcu.externaltools.gnu-tools-for-stm32.12.3.rel1.win32_1.0.100.202403111256/tools/bin/../lib/gcc/arm-none-eabi/12.3.1/thumb/v7e-m+fp/hard\libgcc.a(_dvmd_tls.o)
                0x080004c0                __aeabi_idiv0
                0x080004c0                __aeabi_ldiv0
 *(.text*)
 .text.Write_MFRC522
                0x080004c4       0x58 ./Core/Src/MFRC522.o
                0x080004c4                Write_MFRC522
 .text.Read_MFRC522
                0x0800051c       0x60 ./Core/Src/MFRC522.o
                0x0800051c                Read_MFRC522
 .text.SetBitMask
                0x0800057c       0x36 ./Core/Src/MFRC522.o
                0x0800057c                SetBitMask
 .text.ClearBitMask
                0x080005b2       0x40 ./Core/Src/MFRC522.o
                0x080005b2                ClearBitMask
 .text.AntennaOn
                0x080005f2       0x10 ./Core/Src/MFRC522.o
                0x080005f2                AntennaOn
 .text.MFRC522_Reset
                0x08000602       0x10 ./Core/Src/MFRC522.o
                0x08000602                MFRC522_Reset
 .text.MFRC522_Init
                0x08000612       0x40 ./Core/Src/MFRC522.o
                0x08000612                MFRC522_Init
 .text.MFRC522_Request
                0x08000652       0x4a ./Core/Src/MFRC522.o
                0x08000652                MFRC522_Request
 .text.MFRC522_ToCard
                0x0800069c      0x192 ./Core/Src/MFRC522.o
                0x0800069c                MFRC522_ToCard
 .text.MFRC522_Anticoll
                0x0800082e       0x7a ./Core/Src/MFRC522.o
                0x0800082e                MFRC522_Anticoll
 .text.CalulateCRC
                0x080008a8       0x92 ./Core/Src/MFRC522.o
                0x080008a8                CalulateCRC
 .text.MFRC522_Halt
                0x0800093a       0x3c ./Core/Src/MFRC522.o
                0x0800093a                MFRC522_Halt
 *fill*         0x08000976        0x2 
 .text.main     0x08000978       0xcc ./Core/Src/main.o
                0x08000978                main
 .text.SystemClock_Config
                0x08000a44       0xd4 ./Core/Src/main.o
                0x08000a44                SystemClock_Config
 .text.MX_SPI2_Init
                0x08000b18       0x6c ./Core/Src/main.o
 .text.MX_GPIO_Init
                0x08000b84       0xb8 ./Core/Src/main.o
 .text.SPI_Transmit
                0x08000c3c       0x28 ./Core/Src/main.o
                0x08000c3c                SPI_Transmit
 .text.SPI_Receive
                0x08000c64       0x2c ./Core/Src/main.o
                0x08000c64                SPI_Receive
 .text.Error_Handler
                0x08000c90        0xc ./Core/Src/main.o
                0x08000c90                Error_Handler
 .text.HAL_MspInit
                0x08000c9c       0x50 ./Core/Src/stm32f4xx_hal_msp.o
                0x08000c9c                HAL_MspInit
 .text.HAL_SPI_MspInit
                0x08000cec       0x90 ./Core/Src/stm32f4xx_hal_msp.o
                0x08000cec                HAL_SPI_MspInit
 .text.NMI_Handler
                0x08000d7c        0x8 ./Core/Src/stm32f4xx_it.o
                0x08000d7c                NMI_Handler
 .text.HardFault_Handler
                0x08000d84        0x8 ./Core/Src/stm32f4xx_it.o
                0x08000d84                HardFault_Handler
 .text.MemManage_Handler
                0x08000d8c        0x8 ./Core/Src/stm32f4xx_it.o
                0x08000d8c                MemManage_Handler
 .text.BusFault_Handler
                0x08000d94        0x8 ./Core/Src/stm32f4xx_it.o
                0x08000d94                BusFault_Handler
 .text.UsageFault_Handler
                0x08000d9c        0x8 ./Core/Src/stm32f4xx_it.o
                0x08000d9c                UsageFault_Handler
 .text.SVC_Handler
                0x08000da4        0xe ./Core/Src/stm32f4xx_it.o
                0x08000da4                SVC_Handler
 .text.DebugMon_Handler
                0x08000db2        0xe ./Core/Src/stm32f4xx_it.o
                0x08000db2                DebugMon_Handler
 .text.PendSV_Handler
                0x08000dc0        0xe ./Core/Src/stm32f4xx_it.o
                0x08000dc0                PendSV_Handler
 .text.SysTick_Handler
                0x08000dce        0xc ./Core/Src/stm32f4xx_it.o
                0x08000dce                SysTick_Handler
 *fill*         0x08000dda        0x2 
 .text.SystemInit
                0x08000ddc       0x24 ./Core/Src/system_stm32f4xx.o
                0x08000ddc                SystemInit
 .text.Reset_Handler
                0x08000e00       0x50 ./Core/Startup/startup_stm32f401rctx.o
                0x08000e00                Reset_Handler
 .text.Default_Handler
                0x08000e50        0x2 ./Core/Startup/startup_stm32f401rctx.o
                0x08000e50                RTC_Alarm_IRQHandler
                0x08000e50                EXTI2_IRQHandler
                0x08000e50                SPI4_IRQHandler
                0x08000e50                TIM1_CC_IRQHandler
                0x08000e50                DMA2_Stream5_IRQHandler
                0x08000e50                DMA1_Stream5_IRQHandler
                0x08000e50                PVD_IRQHandler
                0x08000e50                SDIO_IRQHandler
                0x08000e50                TAMP_STAMP_IRQHandler
                0x08000e50                EXTI3_IRQHandler
                0x08000e50                TIM1_UP_TIM10_IRQHandler
                0x08000e50                I2C3_ER_IRQHandler
                0x08000e50                EXTI0_IRQHandler
                0x08000e50                I2C2_EV_IRQHandler
                0x08000e50                DMA1_Stream2_IRQHandler
                0x08000e50                FPU_IRQHandler
                0x08000e50                DMA2_Stream2_IRQHandler
                0x08000e50                SPI1_IRQHandler
                0x08000e50                TIM1_BRK_TIM9_IRQHandler
                0x08000e50                DMA2_Stream3_IRQHandler
                0x08000e50                USART6_IRQHandler
                0x08000e50                DMA2_Stream0_IRQHandler
                0x08000e50                TIM4_IRQHandler
                0x08000e50                I2C1_EV_IRQHandler
                0x08000e50                DMA1_Stream6_IRQHandler
                0x08000e50                DMA1_Stream1_IRQHandler
                0x08000e50                TIM3_IRQHandler
                0x08000e50                RCC_IRQHandler
                0x08000e50                Default_Handler
                0x08000e50                EXTI15_10_IRQHandler
                0x08000e50                ADC_IRQHandler
                0x08000e50                DMA1_Stream7_IRQHandler
                0x08000e50                TIM5_IRQHandler
                0x08000e50                DMA2_Stream7_IRQHandler
                0x08000e50                I2C3_EV_IRQHandler
                0x08000e50                EXTI9_5_IRQHandler
                0x08000e50                RTC_WKUP_IRQHandler
                0x08000e50                SPI2_IRQHandler
                0x08000e50                DMA1_Stream0_IRQHandler
                0x08000e50                EXTI4_IRQHandler
                0x08000e50                WWDG_IRQHandler
                0x08000e50                TIM2_IRQHandler
                0x08000e50                OTG_FS_WKUP_IRQHandler
                0x08000e50                TIM1_TRG_COM_TIM11_IRQHandler
                0x08000e50                EXTI1_IRQHandler
                0x08000e50                USART2_IRQHandler
                0x08000e50                I2C2_ER_IRQHandler
                0x08000e50                DMA2_Stream1_IRQHandler
                0x08000e50                FLASH_IRQHandler
                0x08000e50                DMA2_Stream4_IRQHandler
                0x08000e50                USART1_IRQHandler
                0x08000e50                OTG_FS_IRQHandler
                0x08000e50                SPI3_IRQHandler
                0x08000e50                DMA1_Stream4_IRQHandler
                0x08000e50                I2C1_ER_IRQHandler
                0x08000e50                DMA2_Stream6_IRQHandler
                0x08000e50                DMA1_Stream3_IRQHandler
 *fill*         0x08000e52        0x2 
 .text.HAL_Init
                0x08000e54       0x44 ./Drivers/STM32F4xx_HAL_Driver/Src/stm32f4xx_hal.o
                0x08000e54                HAL_Init
 .text.HAL_InitTick
                0x08000e98       0x60 ./Drivers/STM32F4xx_HAL_Driver/Src/stm32f4xx_hal.o
                0x08000e98                HAL_InitTick
 .text.HAL_IncTick
                0x08000ef8       0x28 ./Drivers/STM32F4xx_HAL_Driver/Src/stm32f4xx_hal.o
                0x08000ef8                HAL_IncTick
 .text.HAL_GetTick
                0x08000f20       0x18 ./Drivers/STM32F4xx_HAL_Driver/Src/stm32f4xx_hal.o
                0x08000f20                HAL_GetTick
 .text.HAL_Delay
                0x08000f38       0x48 ./Drivers/STM32F4xx_HAL_Driver/Src/stm32f4xx_hal.o
                0x08000f38                HAL_Delay
 .text.__NVIC_SetPriorityGrouping
                0x08000f80       0x48 ./Drivers/STM32F4xx_HAL_Driver/Src/stm32f4xx_hal_cortex.o
 .text.__NVIC_GetPriorityGrouping
                0x08000fc8       0x1c ./Drivers/STM32F4xx_HAL_Driver/Src/stm32f4xx_hal_cortex.o
 .text.__NVIC_SetPriority
                0x08000fe4       0x54 ./Drivers/STM32F4xx_HAL_Driver/Src/stm32f4xx_hal_cortex.o
 .text.NVIC_EncodePriority
                0x08001038       0x66 ./Drivers/STM32F4xx_HAL_Driver/Src/stm32f4xx_hal_cortex.o
 *fill*         0x0800109e        0x2 
 .text.SysTick_Config
                0x080010a0       0x44 ./Drivers/STM32F4xx_HAL_Driver/Src/stm32f4xx_hal_cortex.o
 .text.HAL_NVIC_SetPriorityGrouping
                0x080010e4       0x16 ./Drivers/STM32F4xx_HAL_Driver/Src/stm32f4xx_hal_cortex.o
                0x080010e4                HAL_NVIC_SetPriorityGrouping
 .text.HAL_NVIC_SetPriority
                0x080010fa       0x38 ./Drivers/STM32F4xx_HAL_Driver/Src/stm32f4xx_hal_cortex.o
                0x080010fa                HAL_NVIC_SetPriority
 .text.HAL_SYSTICK_Config
                0x08001132       0x18 ./Drivers/STM32F4xx_HAL_Driver/Src/stm32f4xx_hal_cortex.o
                0x08001132                HAL_SYSTICK_Config
 *fill*         0x0800114a        0x2 
 .text.HAL_GPIO_Init
                0x0800114c      0x308 ./Drivers/STM32F4xx_HAL_Driver/Src/stm32f4xx_hal_gpio.o
                0x0800114c                HAL_GPIO_Init
 .text.HAL_GPIO_WritePin
                0x08001454       0x32 ./Drivers/STM32F4xx_HAL_Driver/Src/stm32f4xx_hal_gpio.o
                0x08001454                HAL_GPIO_WritePin
 *fill*         0x08001486        0x2 
 .text.HAL_RCC_OscConfig
                0x08001488      0x4f0 ./Drivers/STM32F4xx_HAL_Driver/Src/stm32f4xx_hal_rcc.o
                0x08001488                HAL_RCC_OscConfig
 .text.HAL_RCC_ClockConfig
                0x08001978      0x1cc ./Drivers/STM32F4xx_HAL_Driver/Src/stm32f4xx_hal_rcc.o
                0x08001978                HAL_RCC_ClockConfig
 .text.HAL_RCC_GetSysClockFreq
                0x08001b44      0x18c ./Drivers/STM32F4xx_HAL_Driver/Src/stm32f4xx_hal_rcc.o
                0x08001b44                HAL_RCC_GetSysClockFreq
 .text.HAL_SPI_Init
                0x08001cd0      0x112 ./Drivers/STM32F4xx_HAL_Driver/Src/stm32f4xx_hal_spi.o
                0x08001cd0                HAL_SPI_Init
 .text.HAL_SPI_Transmit
                0x08001de2      0x288 ./Drivers/STM32F4xx_HAL_Driver/Src/stm32f4xx_hal_spi.o
                0x08001de2                HAL_SPI_Transmit
 .text.HAL_SPI_Receive
                0x0800206a      0x232 ./Drivers/STM32F4xx_HAL_Driver/Src/stm32f4xx_hal_spi.o
                0x0800206a                HAL_SPI_Receive
 .text.HAL_SPI_TransmitReceive
                0x0800229c      0x352 ./Drivers/STM32F4xx_HAL_Driver/Src/stm32f4xx_hal_spi.o
                0x0800229c                HAL_SPI_TransmitReceive
 *fill*         0x080025ee        0x2 
 .text.SPI_WaitFlagStateUntilTimeout
                0x080025f0      0x110 ./Drivers/STM32F4xx_HAL_Driver/Src/stm32f4xx_hal_spi.o
 .text.SPI_EndRxTransaction
                0x08002700       0xca ./Drivers/STM32F4xx_HAL_Driver/Src/stm32f4xx_hal_spi.o
 *fill*         0x080027ca        0x2 
 .text.SPI_EndRxTxTransaction
                0x080027cc       0xa8 ./Drivers/STM32F4xx_HAL_Driver/Src/stm32f4xx_hal_spi.o
 .text.memset   0x08002874       0x10 C:/ST/STM32CubeIDE_1.15.0/STM32CubeIDE/plugins/com.st.stm32cube.ide.mcu.externaltools.gnu-tools-for-stm32.12.3.rel1.win32_1.0.100.202403111256/tools/bin/../lib/gcc/arm-none-eabi/12.3.1/../../../../arm-none-eabi/lib/thumb/v7e-m+fp/hard\libc_nano.a(libc_a-memset.o)
                0x08002874                memset
 .text.__libc_init_array
                0x08002884       0x48 C:/ST/STM32CubeIDE_1.15.0/STM32CubeIDE/plugins/com.st.stm32cube.ide.mcu.externaltools.gnu-tools-for-stm32.12.3.rel1.win32_1.0.100.202403111256/tools/bin/../lib/gcc/arm-none-eabi/12.3.1/../../../../arm-none-eabi/lib/thumb/v7e-m+fp/hard\libc_nano.a(libc_a-init.o)
                0x08002884                __libc_init_array
 *(.glue_7)
 .glue_7        0x080028cc        0x0 linker stubs
 *(.glue_7t)
 .glue_7t       0x080028cc        0x0 linker stubs
 *(.eh_frame)
 .eh_frame      0x080028cc        0x0 C:/ST/STM32CubeIDE_1.15.0/STM32CubeIDE/plugins/com.st.stm32cube.ide.mcu.externaltools.gnu-tools-for-stm32.12.3.rel1.win32_1.0.100.202403111256/tools/bin/../lib/gcc/arm-none-eabi/12.3.1/thumb/v7e-m+fp/hard/crtbegin.o
 *(.init)
 .init          0x080028cc        0x4 C:/ST/STM32CubeIDE_1.15.0/STM32CubeIDE/plugins/com.st.stm32cube.ide.mcu.externaltools.gnu-tools-for-stm32.12.3.rel1.win32_1.0.100.202403111256/tools/bin/../lib/gcc/arm-none-eabi/12.3.1/thumb/v7e-m+fp/hard/crti.o
                0x080028cc                _init
 .init          0x080028d0        0x8 C:/ST/STM32CubeIDE_1.15.0/STM32CubeIDE/plugins/com.st.stm32cube.ide.mcu.externaltools.gnu-tools-for-stm32.12.3.rel1.win32_1.0.100.202403111256/tools/bin/../lib/gcc/arm-none-eabi/12.3.1/thumb/v7e-m+fp/hard/crtn.o
 *(.fini)
 .fini          0x080028d8        0x4 C:/ST/STM32CubeIDE_1.15.0/STM32CubeIDE/plugins/com.st.stm32cube.ide.mcu.externaltools.gnu-tools-for-stm32.12.3.rel1.win32_1.0.100.202403111256/tools/bin/../lib/gcc/arm-none-eabi/12.3.1/thumb/v7e-m+fp/hard/crti.o
                0x080028d8                _fini
 .fini          0x080028dc        0x8 C:/ST/STM32CubeIDE_1.15.0/STM32CubeIDE/plugins/com.st.stm32cube.ide.mcu.externaltools.gnu-tools-for-stm32.12.3.rel1.win32_1.0.100.202403111256/tools/bin/../lib/gcc/arm-none-eabi/12.3.1/thumb/v7e-m+fp/hard/crtn.o
                0x080028e4                        . = ALIGN (0x4)
                0x080028e4                        _etext = .

.vfp11_veneer   0x080028e4        0x0
 .vfp11_veneer  0x080028e4        0x0 linker stubs

.v4_bx          0x080028e4        0x0
 .v4_bx         0x080028e4        0x0 linker stubs

.iplt           0x080028e4        0x0
 .iplt          0x080028e4        0x0 C:/ST/STM32CubeIDE_1.15.0/STM32CubeIDE/plugins/com.st.stm32cube.ide.mcu.externaltools.gnu-tools-for-stm32.12.3.rel1.win32_1.0.100.202403111256/tools/bin/../lib/gcc/arm-none-eabi/12.3.1/thumb/v7e-m+fp/hard/crtbegin.o

.rodata         0x080028e4       0x10
                0x080028e4                        . = ALIGN (0x4)
 *(.rodata)
 *(.rodata*)
 .rodata.AHBPrescTable
                0x080028e4       0x10 ./Core/Src/system_stm32f4xx.o
                0x080028e4                AHBPrescTable
                0x080028f4                        . = ALIGN (0x4)

.ARM.extab      0x080028f4        0x0
                0x080028f4                        . = ALIGN (0x4)
 *(.ARM.extab* .gnu.linkonce.armextab.*)
                0x080028f4                        . = ALIGN (0x4)

.ARM            0x080028f4        0x8
                0x080028f4                        . = ALIGN (0x4)
                0x080028f4                        __exidx_start = .
 *(.ARM.exidx*)
 .ARM.exidx     0x080028f4        0x8 C:/ST/STM32CubeIDE_1.15.0/STM32CubeIDE/plugins/com.st.stm32cube.ide.mcu.externaltools.gnu-tools-for-stm32.12.3.rel1.win32_1.0.100.202403111256/tools/bin/../lib/gcc/arm-none-eabi/12.3.1/thumb/v7e-m+fp/hard\libgcc.a(_udivmoddi4.o)
                0x080028fc                        __exidx_end = .
                0x080028fc                        . = ALIGN (0x4)

.preinit_array  0x080028fc        0x0
                0x080028fc                        . = ALIGN (0x4)
                0x080028fc                        PROVIDE (__preinit_array_start = .)
 *(.preinit_array*)
                0x080028fc                        PROVIDE (__preinit_array_end = .)
                0x080028fc                        . = ALIGN (0x4)

.init_array     0x080028fc        0x4
                0x080028fc                        . = ALIGN (0x4)
                0x080028fc                        PROVIDE (__init_array_start = .)
 *(SORT_BY_NAME(.init_array.*))
 *(.init_array*)
 .init_array    0x080028fc        0x4 C:/ST/STM32CubeIDE_1.15.0/STM32CubeIDE/plugins/com.st.stm32cube.ide.mcu.externaltools.gnu-tools-for-stm32.12.3.rel1.win32_1.0.100.202403111256/tools/bin/../lib/gcc/arm-none-eabi/12.3.1/thumb/v7e-m+fp/hard/crtbegin.o
                0x08002900                        PROVIDE (__init_array_end = .)
                0x08002900                        . = ALIGN (0x4)

.fini_array     0x08002900        0x4
                0x08002900                        . = ALIGN (0x4)
                [!provide]                        PROVIDE (__fini_array_start = .)
 *(SORT_BY_NAME(.fini_array.*))
 *(.fini_array*)
 .fini_array    0x08002900        0x4 C:/ST/STM32CubeIDE_1.15.0/STM32CubeIDE/plugins/com.st.stm32cube.ide.mcu.externaltools.gnu-tools-for-stm32.12.3.rel1.win32_1.0.100.202403111256/tools/bin/../lib/gcc/arm-none-eabi/12.3.1/thumb/v7e-m+fp/hard/crtbegin.o
                [!provide]                        PROVIDE (__fini_array_end = .)
                0x08002904                        . = ALIGN (0x4)
                0x08002904                        _sidata = LOADADDR (.data)

.rel.dyn        0x08002904        0x0
 .rel.iplt      0x08002904        0x0 C:/ST/STM32CubeIDE_1.15.0/STM32CubeIDE/plugins/com.st.stm32cube.ide.mcu.externaltools.gnu-tools-for-stm32.12.3.rel1.win32_1.0.100.202403111256/tools/bin/../lib/gcc/arm-none-eabi/12.3.1/thumb/v7e-m+fp/hard/crtbegin.o

.data           0x20000000        0xc load address 0x08002904
                0x20000000                        . = ALIGN (0x4)
                0x20000000                        _sdata = .
 *(.data)
 *(.data*)
 .data.SystemCoreClock
                0x20000000        0x4 ./Core/Src/system_stm32f4xx.o
                0x20000000                SystemCoreClock
 .data.uwTickPrio
                0x20000004        0x4 ./Drivers/STM32F4xx_HAL_Driver/Src/stm32f4xx_hal.o
                0x20000004                uwTickPrio
 .data.uwTickFreq
                0x20000008        0x1 ./Drivers/STM32F4xx_HAL_Driver/Src/stm32f4xx_hal.o
                0x20000008                uwTickFreq
 *(.RamFunc)
 *(.RamFunc*)
                0x2000000c                        . = ALIGN (0x4)
 *fill*         0x20000009        0x3 
                0x2000000c                        _edata = .

.igot.plt       0x2000000c        0x0 load address 0x08002910
 .igot.plt      0x2000000c        0x0 C:/ST/STM32CubeIDE_1.15.0/STM32CubeIDE/plugins/com.st.stm32cube.ide.mcu.externaltools.gnu-tools-for-stm32.12.3.rel1.win32_1.0.100.202403111256/tools/bin/../lib/gcc/arm-none-eabi/12.3.1/thumb/v7e-m+fp/hard/crtbegin.o
                0x2000000c                        . = ALIGN (0x4)

.bss            0x2000000c       0x98 load address 0x08002910
                0x2000000c                        _sbss = .
                0x2000000c                        __bss_start__ = _sbss
 *(.bss)
 .bss           0x2000000c       0x1c C:/ST/STM32CubeIDE_1.15.0/STM32CubeIDE/plugins/com.st.stm32cube.ide.mcu.externaltools.gnu-tools-for-stm32.12.3.rel1.win32_1.0.100.202403111256/tools/bin/../lib/gcc/arm-none-eabi/12.3.1/thumb/v7e-m+fp/hard/crtbegin.o
 *(.bss*)
 .bss.hspi2     0x20000028       0x58 ./Core/Src/main.o
                0x20000028                hspi2
 .bss.status    0x20000080        0x1 ./Core/Src/main.o
                0x20000080                status
 *fill*         0x20000081        0x3 
 .bss.cardstr   0x20000084       0x11 ./Core/Src/main.o
                0x20000084                cardstr
 *fill*         0x20000095        0x3 
 .bss.UID       0x20000098        0x5 ./Core/Src/main.o
                0x20000098                UID
 *fill*         0x2000009d        0x3 
 .bss.uwTick    0x200000a0        0x4 ./Drivers/STM32F4xx_HAL_Driver/Src/stm32f4xx_hal.o
                0x200000a0                uwTick
 *(COMMON)
                0x200000a4                        . = ALIGN (0x4)
                0x200000a4                        _ebss = .
                0x200000a4                        __bss_end__ = _ebss

._user_heap_stack
                0x200000a4      0x604 load address 0x08002910
                0x200000a8                        . = ALIGN (0x8)
 *fill*         0x200000a4        0x4 
                [!provide]                        PROVIDE (end = .)
                0x200000a8                        PROVIDE (_end = .)
                0x200002a8                        . = (. + _Min_Heap_Size)
 *fill*         0x200000a8      0x200 
                0x200006a8                        . = (. + _Min_Stack_Size)
 *fill*         0x200002a8      0x400 
                0x200006a8                        . = ALIGN (0x8)

/DISCARD/
 libc.a(*)
 libm.a(*)
 libgcc.a(*)

.ARM.attributes
                0x00000000       0x30
 *(.ARM.attributes)
 .ARM.attributes
                0x00000000       0x22 C:/ST/STM32CubeIDE_1.15.0/STM32CubeIDE/plugins/com.st.stm32cube.ide.mcu.externaltools.gnu-tools-for-stm32.12.3.rel1.win32_1.0.100.202403111256/tools/bin/../lib/gcc/arm-none-eabi/12.3.1/thumb/v7e-m+fp/hard/crti.o
 .ARM.attributes
                0x00000022       0x34 C:/ST/STM32CubeIDE_1.15.0/STM32CubeIDE/plugins/com.st.stm32cube.ide.mcu.externaltools.gnu-tools-for-stm32.12.3.rel1.win32_1.0.100.202403111256/tools/bin/../lib/gcc/arm-none-eabi/12.3.1/thumb/v7e-m+fp/hard/crtbegin.o
 .ARM.attributes
                0x00000056       0x34 ./Core/Src/MFRC522.o
 .ARM.attributes
                0x0000008a       0x34 ./Core/Src/main.o
 .ARM.attributes
                0x000000be       0x34 ./Core/Src/stm32f4xx_hal_msp.o
 .ARM.attributes
                0x000000f2       0x34 ./Core/Src/stm32f4xx_it.o
 .ARM.attributes
                0x00000126       0x34 ./Core/Src/system_stm32f4xx.o
 .ARM.attributes
                0x0000015a       0x21 ./Core/Startup/startup_stm32f401rctx.o
 .ARM.attributes
                0x0000017b       0x34 ./Drivers/STM32F4xx_HAL_Driver/Src/stm32f4xx_hal.o
 .ARM.attributes
                0x000001af       0x34 ./Drivers/STM32F4xx_HAL_Driver/Src/stm32f4xx_hal_cortex.o
 .ARM.attributes
                0x000001e3       0x34 ./Drivers/STM32F4xx_HAL_Driver/Src/stm32f4xx_hal_gpio.o
 .ARM.attributes
                0x00000217       0x34 ./Drivers/STM32F4xx_HAL_Driver/Src/stm32f4xx_hal_rcc.o
 .ARM.attributes
                0x0000024b       0x34 ./Drivers/STM32F4xx_HAL_Driver/Src/stm32f4xx_hal_spi.o
 .ARM.attributes
                0x0000027f       0x34 C:/ST/STM32CubeIDE_1.15.0/STM32CubeIDE/plugins/com.st.stm32cube.ide.mcu.externaltools.gnu-tools-for-stm32.12.3.rel1.win32_1.0.100.202403111256/tools/bin/../lib/gcc/arm-none-eabi/12.3.1/../../../../arm-none-eabi/lib/thumb/v7e-m+fp/hard\libc_nano.a(libc_a-memset.o)
 .ARM.attributes
                0x000002b3       0x34 C:/ST/STM32CubeIDE_1.15.0/STM32CubeIDE/plugins/com.st.stm32cube.ide.mcu.externaltools.gnu-tools-for-stm32.12.3.rel1.win32_1.0.100.202403111256/tools/bin/../lib/gcc/arm-none-eabi/12.3.1/../../../../arm-none-eabi/lib/thumb/v7e-m+fp/hard\libc_nano.a(libc_a-init.o)
 .ARM.attributes
                0x000002e7       0x22 C:/ST/STM32CubeIDE_1.15.0/STM32CubeIDE/plugins/com.st.stm32cube.ide.mcu.externaltools.gnu-tools-for-stm32.12.3.rel1.win32_1.0.100.202403111256/tools/bin/../lib/gcc/arm-none-eabi/12.3.1/thumb/v7e-m+fp/hard\libgcc.a(_aeabi_uldivmod.o)
 .ARM.attributes
                0x00000309       0x34 C:/ST/STM32CubeIDE_1.15.0/STM32CubeIDE/plugins/com.st.stm32cube.ide.mcu.externaltools.gnu-tools-for-stm32.12.3.rel1.win32_1.0.100.202403111256/tools/bin/../lib/gcc/arm-none-eabi/12.3.1/thumb/v7e-m+fp/hard\libgcc.a(_udivmoddi4.o)
 .ARM.attributes
                0x0000033d       0x22 C:/ST/STM32CubeIDE_1.15.0/STM32CubeIDE/plugins/com.st.stm32cube.ide.mcu.externaltools.gnu-tools-for-stm32.12.3.rel1.win32_1.0.100.202403111256/tools/bin/../lib/gcc/arm-none-eabi/12.3.1/thumb/v7e-m+fp/hard\libgcc.a(_dvmd_tls.o)
 .ARM.attributes
                0x0000035f       0x22 C:/ST/STM32CubeIDE_1.15.0/STM32CubeIDE/plugins/com.st.stm32cube.ide.mcu.externaltools.gnu-tools-for-stm32.12.3.rel1.win32_1.0.100.202403111256/tools/bin/../lib/gcc/arm-none-eabi/12.3.1/thumb/v7e-m+fp/hard/crtn.o
OUTPUT(RFID.elf elf32-littlearm)
LOAD linker stubs
LOAD C:/ST/STM32CubeIDE_1.15.0/STM32CubeIDE/plugins/com.st.stm32cube.ide.mcu.externaltools.gnu-tools-for-stm32.12.3.rel1.win32_1.0.100.202403111256/tools/bin/../lib/gcc/arm-none-eabi/12.3.1/../../../../arm-none-eabi/lib/thumb/v7e-m+fp/hard\libc.a
LOAD C:/ST/STM32CubeIDE_1.15.0/STM32CubeIDE/plugins/com.st.stm32cube.ide.mcu.externaltools.gnu-tools-for-stm32.12.3.rel1.win32_1.0.100.202403111256/tools/bin/../lib/gcc/arm-none-eabi/12.3.1/../../../../arm-none-eabi/lib/thumb/v7e-m+fp/hard\libm.a
LOAD C:/ST/STM32CubeIDE_1.15.0/STM32CubeIDE/plugins/com.st.stm32cube.ide.mcu.externaltools.gnu-tools-for-stm32.12.3.rel1.win32_1.0.100.202403111256/tools/bin/../lib/gcc/arm-none-eabi/12.3.1/thumb/v7e-m+fp/hard\libgcc.a

.debug_info     0x00000000     0x6072
 .debug_info    0x00000000      0x77f ./Core/Src/MFRC522.o
 .debug_info    0x0000077f      0xe5c ./Core/Src/main.o
 .debug_info    0x000015db      0x94c ./Core/Src/stm32f4xx_hal_msp.o
 .debug_info    0x00001f27      0x112 ./Core/Src/stm32f4xx_it.o
 .debug_info    0x00002039      0x53e ./Core/Src/system_stm32f4xx.o
 .debug_info    0x00002577       0x30 ./Core/Startup/startup_stm32f401rctx.o
 .debug_info    0x000025a7      0x8bb ./Drivers/STM32F4xx_HAL_Driver/Src/stm32f4xx_hal.o
 .debug_info    0x00002e62      0xcf6 ./Drivers/STM32F4xx_HAL_Driver/Src/stm32f4xx_hal_cortex.o
 .debug_info    0x00003b58      0x6f9 ./Drivers/STM32F4xx_HAL_Driver/Src/stm32f4xx_hal_gpio.o
 .debug_info    0x00004251      0x8f1 ./Drivers/STM32F4xx_HAL_Driver/Src/stm32f4xx_hal_rcc.o
 .debug_info    0x00004b42     0x1530 ./Drivers/STM32F4xx_HAL_Driver/Src/stm32f4xx_hal_spi.o

.debug_abbrev   0x00000000     0x14fa
 .debug_abbrev  0x00000000      0x251 ./Core/Src/MFRC522.o
 .debug_abbrev  0x00000251      0x2e5 ./Core/Src/main.o
 .debug_abbrev  0x00000536      0x1ac ./Core/Src/stm32f4xx_hal_msp.o
 .debug_abbrev  0x000006e2       0x73 ./Core/Src/stm32f4xx_it.o
 .debug_abbrev  0x00000755      0x11a ./Core/Src/system_stm32f4xx.o
 .debug_abbrev  0x0000086f       0x24 ./Core/Startup/startup_stm32f401rctx.o
 .debug_abbrev  0x00000893      0x24b ./Drivers/STM32F4xx_HAL_Driver/Src/stm32f4xx_hal.o
 .debug_abbrev  0x00000ade      0x31d ./Drivers/STM32F4xx_HAL_Driver/Src/stm32f4xx_hal_cortex.o
 .debug_abbrev  0x00000dfb      0x1d3 ./Drivers/STM32F4xx_HAL_Driver/Src/stm32f4xx_hal_gpio.o
 .debug_abbrev  0x00000fce      0x2b6 ./Drivers/STM32F4xx_HAL_Driver/Src/stm32f4xx_hal_rcc.o
 .debug_abbrev  0x00001284      0x276 ./Drivers/STM32F4xx_HAL_Driver/Src/stm32f4xx_hal_spi.o

.debug_aranges  0x00000000      0x6a8
 .debug_aranges
                0x00000000       0xa8 ./Core/Src/MFRC522.o
 .debug_aranges
                0x000000a8       0x50 ./Core/Src/main.o
 .debug_aranges
                0x000000f8       0x30 ./Core/Src/stm32f4xx_hal_msp.o
 .debug_aranges
                0x00000128       0x60 ./Core/Src/stm32f4xx_it.o
 .debug_aranges
                0x00000188       0x28 ./Core/Src/system_stm32f4xx.o
 .debug_aranges
                0x000001b0       0x28 ./Core/Startup/startup_stm32f401rctx.o
 .debug_aranges
                0x000001d8       0xf0 ./Drivers/STM32F4xx_HAL_Driver/Src/stm32f4xx_hal.o
 .debug_aranges
                0x000002c8      0x130 ./Drivers/STM32F4xx_HAL_Driver/Src/stm32f4xx_hal_cortex.o
 .debug_aranges
                0x000003f8       0x58 ./Drivers/STM32F4xx_HAL_Driver/Src/stm32f4xx_hal_gpio.o
 .debug_aranges
                0x00000450       0x88 ./Drivers/STM32F4xx_HAL_Driver/Src/stm32f4xx_hal_rcc.o
 .debug_aranges
                0x000004d8      0x1d0 ./Drivers/STM32F4xx_HAL_Driver/Src/stm32f4xx_hal_spi.o

.debug_rnglists
                0x00000000      0x4f1
 .debug_rnglists
                0x00000000       0x7e ./Core/Src/MFRC522.o
 .debug_rnglists
                0x0000007e       0x3a ./Core/Src/main.o
 .debug_rnglists
                0x000000b8       0x20 ./Core/Src/stm32f4xx_hal_msp.o
 .debug_rnglists
                0x000000d8       0x43 ./Core/Src/stm32f4xx_it.o
 .debug_rnglists
                0x0000011b       0x1a ./Core/Src/system_stm32f4xx.o
 .debug_rnglists
                0x00000135       0x19 ./Core/Startup/startup_stm32f401rctx.o
 .debug_rnglists
                0x0000014e       0xaf ./Drivers/STM32F4xx_HAL_Driver/Src/stm32f4xx_hal.o
 .debug_rnglists
                0x000001fd       0xe0 ./Drivers/STM32F4xx_HAL_Driver/Src/stm32f4xx_hal_cortex.o
 .debug_rnglists
                0x000002dd       0x3f ./Drivers/STM32F4xx_HAL_Driver/Src/stm32f4xx_hal_gpio.o
 .debug_rnglists
                0x0000031c       0x66 ./Drivers/STM32F4xx_HAL_Driver/Src/stm32f4xx_hal_rcc.o
 .debug_rnglists
                0x00000382      0x16f ./Drivers/STM32F4xx_HAL_Driver/Src/stm32f4xx_hal_spi.o

.debug_macro    0x00000000    0x15ef0
 .debug_macro   0x00000000      0x320 ./Core/Src/MFRC522.o
 .debug_macro   0x00000320      0xab4 ./Core/Src/MFRC522.o
 .debug_macro   0x00000dd4       0x2a ./Core/Src/MFRC522.o
 .debug_macro   0x00000dfe       0x22 ./Core/Src/MFRC522.o
 .debug_macro   0x00000e20       0x5b ./Core/Src/MFRC522.o
 .debug_macro   0x00000e7b       0x94 ./Core/Src/MFRC522.o
 .debug_macro   0x00000f0f       0x43 ./Core/Src/MFRC522.o
 .debug_macro   0x00000f52       0x34 ./Core/Src/MFRC522.o
 .debug_macro   0x00000f86       0x16 ./Core/Src/MFRC522.o
 .debug_macro   0x00000f9c      0x11c ./Core/Src/MFRC522.o
 .debug_macro   0x000010b8       0x94 ./Core/Src/MFRC522.o
 .debug_macro   0x0000114c       0x16 ./Core/Src/MFRC522.o
 .debug_macro   0x00001162       0x43 ./Core/Src/MFRC522.o
 .debug_macro   0x000011a5       0x57 ./Core/Src/MFRC522.o
 .debug_macro   0x000011fc       0x34 ./Core/Src/MFRC522.o
 .debug_macro   0x00001230       0x10 ./Core/Src/MFRC522.o
 .debug_macro   0x00001240       0x58 ./Core/Src/MFRC522.o
 .debug_macro   0x00001298       0x8e ./Core/Src/MFRC522.o
 .debug_macro   0x00001326       0x1c ./Core/Src/MFRC522.o
 .debug_macro   0x00001342      0x177 ./Core/Src/MFRC522.o
 .debug_macro   0x000014b9      0x369 ./Core/Src/MFRC522.o
 .debug_macro   0x00001822       0x16 ./Core/Src/MFRC522.o
 .debug_macro   0x00001838       0x29 ./Core/Src/MFRC522.o
 .debug_macro   0x00001861       0x1c ./Core/Src/MFRC522.o
 .debug_macro   0x0000187d       0x35 ./Core/Src/MFRC522.o
 .debug_macro   0x000018b2       0x10 ./Core/Src/MFRC522.o
 .debug_macro   0x000018c2       0x1c ./Core/Src/MFRC522.o
 .debug_macro   0x000018de       0x16 ./Core/Src/MFRC522.o
 .debug_macro   0x000018f4      0x146 ./Core/Src/MFRC522.o
 .debug_macro   0x00001a3a       0x16 ./Core/Src/MFRC522.o
 .debug_macro   0x00001a50       0x20 ./Core/Src/MFRC522.o
 .debug_macro   0x00001a70      0x103 ./Core/Src/MFRC522.o
 .debug_macro   0x00001b73       0x6a ./Core/Src/MFRC522.o
 .debug_macro   0x00001bdd      0x1df ./Core/Src/MFRC522.o
 .debug_macro   0x00001dbc      0x460 ./Core/Src/MFRC522.o
 .debug_macro   0x0000221c      0x295 ./Core/Src/MFRC522.o
 .debug_macro   0x000024b1       0x2e ./Core/Src/MFRC522.o
 .debug_macro   0x000024df       0x28 ./Core/Src/MFRC522.o
 .debug_macro   0x00002507       0x1c ./Core/Src/MFRC522.o
 .debug_macro   0x00002523       0x22 ./Core/Src/MFRC522.o
 .debug_macro   0x00002545       0xfb ./Core/Src/MFRC522.o
 .debug_macro   0x00002640     0x1011 ./Core/Src/MFRC522.o
 .debug_macro   0x00003651      0x11f ./Core/Src/MFRC522.o
 .debug_macro   0x00003770     0xb86c ./Core/Src/MFRC522.o
 .debug_macro   0x0000efdc       0x6d ./Core/Src/MFRC522.o
 .debug_macro   0x0000f049     0x369a ./Core/Src/MFRC522.o
 .debug_macro   0x000126e3       0x56 ./Core/Src/MFRC522.o
 .debug_macro   0x00012739      0x416 ./Core/Src/MFRC522.o
 .debug_macro   0x00012b4f      0x9e9 ./Core/Src/MFRC522.o
 .debug_macro   0x00013538      0x115 ./Core/Src/MFRC522.o
 .debug_macro   0x0001364d       0xf8 ./Core/Src/MFRC522.o
 .debug_macro   0x00013745       0xa5 ./Core/Src/MFRC522.o
 .debug_macro   0x000137ea      0x15f ./Core/Src/MFRC522.o
 .debug_macro   0x00013949      0x287 ./Core/Src/MFRC522.o
 .debug_macro   0x00013bd0       0x5f ./Core/Src/MFRC522.o
 .debug_macro   0x00013c2f      0x236 ./Core/Src/MFRC522.o
 .debug_macro   0x00013e65      0x132 ./Core/Src/MFRC522.o
 .debug_macro   0x00013f97      0x23a ./Core/Src/MFRC522.o
 .debug_macro   0x000141d1       0x2e ./Core/Src/MFRC522.o
 .debug_macro   0x000141ff      0x127 ./Core/Src/MFRC522.o
 .debug_macro   0x00014326       0x85 ./Core/Src/MFRC522.o
 .debug_macro   0x000143ab       0x89 ./Core/Src/MFRC522.o
 .debug_macro   0x00014434      0x225 ./Core/Src/MFRC522.o
 .debug_macro   0x00014659      0x126 ./Core/Src/MFRC522.o
 .debug_macro   0x0001477f       0x1c ./Core/Src/MFRC522.o
 .debug_macro   0x0001479b      0x214 ./Core/Src/MFRC522.o
 .debug_macro   0x000149af      0x1d2 ./Core/Src/main.o
 .debug_macro   0x00014b81       0x8e ./Core/Src/main.o
 .debug_macro   0x00014c0f       0x51 ./Core/Src/main.o
 .debug_macro   0x00014c60      0x189 ./Core/Src/main.o
 .debug_macro   0x00014de9       0x5c ./Core/Src/main.o
 .debug_macro   0x00014e45      0x21a ./Core/Src/main.o
 .debug_macro   0x0001505f      0x1c9 ./Core/Src/stm32f4xx_hal_msp.o
 .debug_macro   0x00015228      0x1d3 ./Core/Src/stm32f4xx_it.o
 .debug_macro   0x000153fb      0x1ba ./Core/Src/system_stm32f4xx.o
 .debug_macro   0x000155b5      0x21a ./Drivers/STM32F4xx_HAL_Driver/Src/stm32f4xx_hal.o
 .debug_macro   0x000157cf      0x1ba ./Drivers/STM32F4xx_HAL_Driver/Src/stm32f4xx_hal_cortex.o
 .debug_macro   0x00015989      0x1c0 ./Drivers/STM32F4xx_HAL_Driver/Src/stm32f4xx_hal_gpio.o
 .debug_macro   0x00015b49      0x1de ./Drivers/STM32F4xx_HAL_Driver/Src/stm32f4xx_hal_rcc.o
 .debug_macro   0x00015d27      0x1c9 ./Drivers/STM32F4xx_HAL_Driver/Src/stm32f4xx_hal_spi.o

.debug_line     0x00000000     0x7ac4
 .debug_line    0x00000000      0xd92 ./Core/Src/MFRC522.o
 .debug_line    0x00000d92      0x8b4 ./Core/Src/main.o
 .debug_line    0x00001646      0x769 ./Core/Src/stm32f4xx_hal_msp.o
 .debug_line    0x00001daf      0x7df ./Core/Src/stm32f4xx_it.o
 .debug_line    0x0000258e      0x7a1 ./Core/Src/system_stm32f4xx.o
 .debug_line    0x00002d2f       0x7a ./Core/Startup/startup_stm32f401rctx.o
 .debug_line    0x00002da9      0xa0a ./Drivers/STM32F4xx_HAL_Driver/Src/stm32f4xx_hal.o
 .debug_line    0x000037b3      0xcfc ./Drivers/STM32F4xx_HAL_Driver/Src/stm32f4xx_hal_cortex.o
 .debug_line    0x000044af      0xb5a ./Drivers/STM32F4xx_HAL_Driver/Src/stm32f4xx_hal_gpio.o
 .debug_line    0x00005009      0xd93 ./Drivers/STM32F4xx_HAL_Driver/Src/stm32f4xx_hal_rcc.o
 .debug_line    0x00005d9c     0x1d28 ./Drivers/STM32F4xx_HAL_Driver/Src/stm32f4xx_hal_spi.o

.debug_str      0x00000000    0x85755
 .debug_str     0x00000000    0x837b3 ./Core/Src/MFRC522.o
                              0x83a67 (size before relaxing)
 .debug_str     0x000837b3      0x758 ./Core/Src/main.o
                              0x7f7d1 (size before relaxing)
 .debug_str     0x00083f0b       0x63 ./Core/Src/stm32f4xx_hal_msp.o
                              0x7ef69 (size before relaxing)
 .debug_str     0x00083f6e       0xc9 ./Core/Src/stm32f4xx_it.o
                              0x7e9e2 (size before relaxing)
 .debug_str     0x00084037       0xdb ./Core/Src/system_stm32f4xx.o
                              0x7eab9 (size before relaxing)
 .debug_str     0x00084112       0x44 ./Core/Startup/startup_stm32f401rctx.o
                                 0x60 (size before relaxing)
 .debug_str     0x00084156      0x9a4 ./Drivers/STM32F4xx_HAL_Driver/Src/stm32f4xx_hal.o
                              0x7f4db (size before relaxing)
 .debug_str     0x00084afa      0x392 ./Drivers/STM32F4xx_HAL_Driver/Src/stm32f4xx_hal_cortex.o
                              0x7f245 (size before relaxing)
 .debug_str     0x00084e8c      0x121 ./Drivers/STM32F4xx_HAL_Driver/Src/stm32f4xx_hal_gpio.o
                              0x7ec34 (size before relaxing)
 .debug_str     0x00084fad      0x233 ./Drivers/STM32F4xx_HAL_Driver/Src/stm32f4xx_hal_rcc.o
                              0x7eeed (size before relaxing)
 .debug_str     0x000851e0      0x575 ./Drivers/STM32F4xx_HAL_Driver/Src/stm32f4xx_hal_spi.o
                              0x7f365 (size before relaxing)

.comment        0x00000000       0x43
 .comment       0x00000000       0x43 ./Core/Src/MFRC522.o
                                 0x44 (size before relaxing)
 .comment       0x00000043       0x44 ./Core/Src/main.o
 .comment       0x00000043       0x44 ./Core/Src/stm32f4xx_hal_msp.o
 .comment       0x00000043       0x44 ./Core/Src/stm32f4xx_it.o
 .comment       0x00000043       0x44 ./Core/Src/system_stm32f4xx.o
 .comment       0x00000043       0x44 ./Drivers/STM32F4xx_HAL_Driver/Src/stm32f4xx_hal.o
 .comment       0x00000043       0x44 ./Drivers/STM32F4xx_HAL_Driver/Src/stm32f4xx_hal_cortex.o
 .comment       0x00000043       0x44 ./Drivers/STM32F4xx_HAL_Driver/Src/stm32f4xx_hal_gpio.o
 .comment       0x00000043       0x44 ./Drivers/STM32F4xx_HAL_Driver/Src/stm32f4xx_hal_rcc.o
 .comment       0x00000043       0x44 ./Drivers/STM32F4xx_HAL_Driver/Src/stm32f4xx_hal_spi.o

.debug_frame    0x00000000     0x19e0
 .debug_frame   0x00000000      0x280 ./Core/Src/MFRC522.o
 .debug_frame   0x00000280       0xf4 ./Core/Src/main.o
 .debug_frame   0x00000374       0x80 ./Core/Src/stm32f4xx_hal_msp.o
 .debug_frame   0x000003f4      0x104 ./Core/Src/stm32f4xx_it.o
 .debug_frame   0x000004f8       0x58 ./Core/Src/system_stm32f4xx.o
 .debug_frame   0x00000550      0x374 ./Drivers/STM32F4xx_HAL_Driver/Src/stm32f4xx_hal.o
 .debug_frame   0x000008c4      0x508 ./Drivers/STM32F4xx_HAL_Driver/Src/stm32f4xx_hal_cortex.o
 .debug_frame   0x00000dcc      0x14c ./Drivers/STM32F4xx_HAL_Driver/Src/stm32f4xx_hal_gpio.o
 .debug_frame   0x00000f18      0x1f4 ./Drivers/STM32F4xx_HAL_Driver/Src/stm32f4xx_hal_rcc.o
 .debug_frame   0x0000110c      0x828 ./Drivers/STM32F4xx_HAL_Driver/Src/stm32f4xx_hal_spi.o
 .debug_frame   0x00001934       0x20 C:/ST/STM32CubeIDE_1.15.0/STM32CubeIDE/plugins/com.st.stm32cube.ide.mcu.externaltools.gnu-tools-for-stm32.12.3.rel1.win32_1.0.100.202403111256/tools/bin/../lib/gcc/arm-none-eabi/12.3.1/../../../../arm-none-eabi/lib/thumb/v7e-m+fp/hard\libc_nano.a(libc_a-memset.o)
 .debug_frame   0x00001954       0x2c C:/ST/STM32CubeIDE_1.15.0/STM32CubeIDE/plugins/com.st.stm32cube.ide.mcu.externaltools.gnu-tools-for-stm32.12.3.rel1.win32_1.0.100.202403111256/tools/bin/../lib/gcc/arm-none-eabi/12.3.1/../../../../arm-none-eabi/lib/thumb/v7e-m+fp/hard\libc_nano.a(libc_a-init.o)
 .debug_frame   0x00001980       0x2c C:/ST/STM32CubeIDE_1.15.0/STM32CubeIDE/plugins/com.st.stm32cube.ide.mcu.externaltools.gnu-tools-for-stm32.12.3.rel1.win32_1.0.100.202403111256/tools/bin/../lib/gcc/arm-none-eabi/12.3.1/thumb/v7e-m+fp/hard\libgcc.a(_aeabi_uldivmod.o)
 .debug_frame   0x000019ac       0x34 C:/ST/STM32CubeIDE_1.15.0/STM32CubeIDE/plugins/com.st.stm32cube.ide.mcu.externaltools.gnu-tools-for-stm32.12.3.rel1.win32_1.0.100.202403111256/tools/bin/../lib/gcc/arm-none-eabi/12.3.1/thumb/v7e-m+fp/hard\libgcc.a(_udivmoddi4.o)

.debug_line_str
                0x00000000       0x44
 .debug_line_str
                0x00000000       0x44 ./Core/Startup/startup_stm32f401rctx.o
